
> test
> jest tests/pages/index.spec.ts

  console.warn
    [Vue warn]: Invalid vnode type when creating vnode: undefined. 
      at <Index ref="VTU_COMPONENT" > 
      at <VTUROOT>

    [0m[0m

      at warn$1 (node_modules/@vue/runtime-core/dist/runtime-core.cjs.js:53:13)
      at _createVNode (node_modules/@vue/runtime-core/dist/runtime-core.cjs.js:7561:7)
      at createVNodeWithArgsTransform (node_modules/@vue/runtime-core/dist/runtime-core.cjs.js:7488:10)
      at Proxy.render (pages/index.vue:445:58)
      at renderComponentRoot (node_modules/@vue/runtime-core/dist/runtime-core.cjs.js:4475:16)
      at ReactiveEffect.componentUpdateFn [as fn] (node_modules/@vue/runtime-core/dist/runtime-core.cjs.js:5984:46)
      at ReactiveEffect.run (node_modules/@vue/reactivity/dist/reactivity.cjs.js:241:19)
      at setupRenderEffect (node_modules/@vue/runtime-core/dist/runtime-core.cjs.js:6119:5)
      at mountComponent (node_modules/@vue/runtime-core/dist/runtime-core.cjs.js:5893:7)
      at processComponent (node_modules/@vue/runtime-core/dist/runtime-core.cjs.js:5845:9)
      at patch (node_modules/@vue/runtime-core/dist/runtime-core.cjs.js:5354:11)
      at ReactiveEffect.componentUpdateFn [as fn] (node_modules/@vue/runtime-core/dist/runtime-core.cjs.js:5991:11)
      at ReactiveEffect.run (node_modules/@vue/reactivity/dist/reactivity.cjs.js:241:19)
      at setupRenderEffect (node_modules/@vue/runtime-core/dist/runtime-core.cjs.js:6119:5)
      at mountComponent (node_modules/@vue/runtime-core/dist/runtime-core.cjs.js:5893:7)
      at processComponent (node_modules/@vue/runtime-core/dist/runtime-core.cjs.js:5845:9)
      at patch (node_modules/@vue/runtime-core/dist/runtime-core.cjs.js:5354:11)
      at render (node_modules/@vue/runtime-core/dist/runtime-core.cjs.js:6658:7)
      at mount (node_modules/@vue/runtime-core/dist/runtime-core.cjs.js:4157:13)
      at Object.app.mount (node_modules/@vue/runtime-dom/dist/runtime-dom.cjs.js:1761:19)
      at mount (node_modules/@vue/test-utils/dist/vue-test-utils.cjs.js:8415:18)
      at Object.<anonymous> (tests/pages/index.spec.ts:48:30)

  console.warn
    [Vue warn]: Invalid vnode type when creating vnode: undefined. 
      at <Anonymous to="/login" class="inline-flex items-center bg-primary text-white px-12 py-5 rounded-[2rem] font-black text-sm uppercase tracking-widest shadow-2xl shadow-primary/30 hover:scale-105 active:scale-95 transition-all" > 
      at <Index ref="VTU_COMPONENT" > 
      at <VTUROOT>

    [0m[0m

      at warn$1 (node_modules/@vue/runtime-core/dist/runtime-core.cjs.js:53:13)
      at _createVNode (node_modules/@vue/runtime-core/dist/runtime-core.cjs.js:7561:7)
      at createVNodeWithArgsTransform (node_modules/@vue/runtime-core/dist/runtime-core.cjs.js:7488:10)
      at pages/index.vue:456:58
      at renderFnWithContext (node_modules/@vue/runtime-core/dist/runtime-core.cjs.js:692:13)
      at renderSlot (node_modules/@vue/runtime-core/dist/runtime-core.cjs.js:3207:53)
      at Proxy.render (eval at compileToFunction (node_modules/vue/dist/vue.cjs.js:71:18), <anonymous>:13:7)
      at renderComponentRoot (node_modules/@vue/runtime-core/dist/runtime-core.cjs.js:4475:16)
      at ReactiveEffect.componentUpdateFn [as fn] (node_modules/@vue/runtime-core/dist/runtime-core.cjs.js:5984:46)
      at ReactiveEffect.run (node_modules/@vue/reactivity/dist/reactivity.cjs.js:241:19)
      at setupRenderEffect (node_modules/@vue/runtime-core/dist/runtime-core.cjs.js:6119:5)
      at mountComponent (node_modules/@vue/runtime-core/dist/runtime-core.cjs.js:5893:7)
      at processComponent (node_modules/@vue/runtime-core/dist/runtime-core.cjs.js:5845:9)
      at patch (node_modules/@vue/runtime-core/dist/runtime-core.cjs.js:5354:11)
      at mountChildren (node_modules/@vue/runtime-core/dist/runtime-core.cjs.js:5606:7)
      at mountElement (node_modules/@vue/runtime-core/dist/runtime-core.cjs.js:5529:7)
      at processElement (node_modules/@vue/runtime-core/dist/runtime-core.cjs.js:5484:7)
      at patch (node_modules/@vue/runtime-core/dist/runtime-core.cjs.js:5342:11)
      at mountChildren (node_modules/@vue/runtime-core/dist/runtime-core.cjs.js:5606:7)
      at mountElement (node_modules/@vue/runtime-core/dist/runtime-core.cjs.js:5529:7)
      at processElement (node_modules/@vue/runtime-core/dist/runtime-core.cjs.js:5484:7)
      at patch (node_modules/@vue/runtime-core/dist/runtime-core.cjs.js:5342:11)
      at mountChildren (node_modules/@vue/runtime-core/dist/runtime-core.cjs.js:5606:7)
      at processFragment (node_modules/@vue/runtime-core/dist/runtime-core.cjs.js:5788:7)
      at patch (node_modules/@vue/runtime-core/dist/runtime-core.cjs.js:5328:9)
      at mountChildren (node_modules/@vue/runtime-core/dist/runtime-core.cjs.js:5606:7)
      at mountElement (node_modules/@vue/runtime-core/dist/runtime-core.cjs.js:5529:7)
      at processElement (node_modules/@vue/runtime-core/dist/runtime-core.cjs.js:5484:7)
      at patch (node_modules/@vue/runtime-core/dist/runtime-core.cjs.js:5342:11)
      at mountChildren (node_modules/@vue/runtime-core/dist/runtime-core.cjs.js:5606:7)
      at mountElement (node_modules/@vue/runtime-core/dist/runtime-core.cjs.js:5529:7)
      at processElement (node_modules/@vue/runtime-core/dist/runtime-core.cjs.js:5484:7)
      at patch (node_modules/@vue/runtime-core/dist/runtime-core.cjs.js:5342:11)
      at ReactiveEffect.componentUpdateFn [as fn] (node_modules/@vue/runtime-core/dist/runtime-core.cjs.js:5991:11)
      at ReactiveEffect.run (node_modules/@vue/reactivity/dist/reactivity.cjs.js:241:19)
      at setupRenderEffect (node_modules/@vue/runtime-core/dist/runtime-core.cjs.js:6119:5)
      at mountComponent (node_modules/@vue/runtime-core/dist/runtime-core.cjs.js:5893:7)
      at processComponent (node_modules/@vue/runtime-core/dist/runtime-core.cjs.js:5845:9)
      at patch (node_modules/@vue/runtime-core/dist/runtime-core.cjs.js:5354:11)
      at ReactiveEffect.componentUpdateFn [as fn] (node_modules/@vue/runtime-core/dist/runtime-core.cjs.js:5991:11)
      at ReactiveEffect.run (node_modules/@vue/reactivity/dist/reactivity.cjs.js:241:19)
      at setupRenderEffect (node_modules/@vue/runtime-core/dist/runtime-core.cjs.js:6119:5)
      at mountComponent (node_modules/@vue/runtime-core/dist/runtime-core.cjs.js:5893:7)
      at processComponent (node_modules/@vue/runtime-core/dist/runtime-core.cjs.js:5845:9)
      at patch (node_modules/@vue/runtime-core/dist/runtime-core.cjs.js:5354:11)
      at render (node_modules/@vue/runtime-core/dist/runtime-core.cjs.js:6658:7)
      at mount (node_modules/@vue/runtime-core/dist/runtime-core.cjs.js:4157:13)
      at Object.app.mount (node_modules/@vue/runtime-dom/dist/runtime-dom.cjs.js:1761:19)
      at mount (node_modules/@vue/test-utils/dist/vue-test-utils.cjs.js:8415:18)
      at Object.<anonymous> (tests/pages/index.spec.ts:48:30)

--------------------------|---------|----------|---------|---------|-------------------------------------
File                      | % Stmts | % Branch | % Funcs | % Lines | Uncovered Line #s                   
--------------------------|---------|----------|---------|---------|-------------------------------------
All files                 |    1.84 |     0.78 |    0.48 |    1.95 |                                     
 components               |       0 |        0 |       0 |       0 |                                     
  BottomNav.vue           |       0 |        0 |       0 |       0 | 3-167                               
  LeagueSelector.vue      |       0 |        0 |       0 |       0 | 3-254                               
  Modal.vue               |       0 |        0 |       0 |       0 | 3-179                               
  PlayerCard.vue          |       0 |        0 |       0 |       0 | 3-106                               
  PlayerCreateModal.vue   |       0 |        0 |       0 |       0 | 3-488                               
  PlayerRatingModal.vue   |       0 |        0 |       0 |       0 | 3-437                               
  PlayerSelectSidebar.vue |       0 |        0 |       0 |       0 | 3-195                               
  RatingSlider.vue        |       0 |        0 |       0 |       0 | 3-92                                
  TeamColumn.vue          |       0 |        0 |       0 |       0 | 3-133                               
 composables              |       0 |        0 |       0 |       0 |                                     
  useApi.ts               |       0 |        0 |       0 |       0 | 1-31                                
  useLeague.ts            |       0 |        0 |       0 |       0 | 1-318                               
  useModal.ts             |       0 |        0 |       0 |       0 | 2-82                                
  useSportPositions.ts    |       0 |        0 |       0 |       0 | 1-13                                
 pages                    |    5.71 |     2.21 |     1.5 |    6.07 |                                     
  index.vue               |   33.13 |    10.63 |    9.37 |   35.71 | 5-27,31-108,129-198,203-209,284-429 
  leaderboard.vue         |       0 |        0 |       0 |       0 | 3-368                               
  login.vue               |       0 |        0 |       0 |       0 | 5-331                               
  players.vue             |       0 |        0 |       0 |       0 | 3-648                               
  profile.vue             |       0 |        0 |       0 |       0 | 3-751                               
 pages/leagues            |       0 |        0 |       0 |       0 |                                     
  [id].vue                |       0 |        0 |       0 |       0 | 3-866                               
  index.vue               |       0 |        0 |       0 |       0 | 3-462                               
  search.vue              |       0 |        0 |       0 |       0 | 3-435                               
 pages/leagues/public     |       0 |        0 |       0 |       0 |                                     
  [id].vue                |       0 |        0 |       0 |       0 | 3-372                               
 pages/match              |       0 |        0 |       0 |       0 |                                     
  setup.vue               |       0 |        0 |       0 |       0 | 3-823                               
 utils                    |       0 |        0 |       0 |       0 |                                     
  format-helpers.ts       |       0 |        0 |       0 |       0 | 1-4                                 
--------------------------|---------|----------|---------|---------|-------------------------------------
